1 - .
1 - ----------------------------------------------------------------------
1 - 
1 - OK
1 - CAMERA ON
