1 -   File "/home/teami/ACS-Workshop/Instrument/bin/test1", line 22
1 -     def testCamera(self):
1 -                         ^
1 - IndentationError: unindent does not match any outer indentation level
