1 - .
1 - ----------------------------------------------------------------------
1 - Ran 1 test in 0.196s
1 - 
1 - OK
1 - CAMERA ON
