1 - .
1 - ----------------------------------------------------------------------
1 - Ran 1 test in 0.176s
1 - 
1 - OK
1 - CAMERA ON
1 - 2014-09-09T19:06:43.515 Python Client: initialized by teami@instrument disconnect - Disconnect called for client
