2014-09-09T19:29:44.476 INFO [acsStartContainer] Running the container with these arguments: 'maciContainer toyContainer -ORBEndpoint iiop://192.168.0.114:4000 -m corbaloc::192.168.0.114:3000/Manager'
Starting Container...
Retrieving CDB reference from Manager using bootstrap ORB
Bootstrap ORB parms: maciContainer toyContainer -m corbaloc::192.168.0.114:3000/Manager
ManagerReference obtained via command line: 'corbaloc::192.168.0.114:3000/Manager'
Resolving reference: 'corbaloc::192.168.0.114:3000/Manager'
Manager reference narrowed.
Manager hostname obtained via command line: '192.168.0.114'
ContainerStatusMsg: Startup begins
ContainerStatusMsg: ORB initialization begins
2014-09-09T19:29:44.589 [main - maci::ContainerImpl::initThread] Thread name: 'main'
2014-09-09T19:29:44.589 [toyContainer-GL - maci::ContainerThreadHook::initThread] ContainerThreadHook initiailized
2014-09-09T19:29:44.591 [toyContainer - maci::ContainerImpl::init] Generated CommandLine: maciContainer toyContainer -ORBEndpoint iiop://192.168.0.114:4000 -m corbaloc::192.168.0.114:3000/Manager  -ORBDottedDecimalAddresses 1 -ORBInitRef InterfaceRepository=corbaloc::192.168.0.114:3004/InterfaceRepository
2014-09-09T19:29:44.591 Local file logger: Cache saved to '/home/teami/ACS-Workshop/Instrument/test/tmp/ACS_INSTANCE.0/acs_local_log_toyContainer_14753'.
2014-09-09T19:29:44.595 [toyContainer - maci::ContainerImpl::init] Destroy bootstrap ORB
ContainerStatusMsg: ORB initialization ends
2014-09-09T19:29:44.601 [toyContainer - maci::ContainerImpl::getManager] Resolving manager...
2014-09-09T19:29:44.605 [toyContainer-GL - maci::MACIHelper::resolveManager] ManagerReference obtained via command line: 'corbaloc::192.168.0.114:3000/Manager'
2014-09-09T19:29:44.607 [toyContainer-GL - maci::MACIHelper::resolveManager] Resolving reference: 'corbaloc::192.168.0.114:3000/Manager'
2014-09-09T19:29:44.610 [toyContainer-GL - maci::MACIHelper::resolveManager] Manager reference narrowed.
2014-09-09T19:29:44.621 [toyContainer-GL - ] Using ACS alarm system
2014-09-09T19:29:44.623 [toyContainer - maci::Container::init] Recovery enabled.
2014-09-09T19:29:44.625 [toyContainer - maci::ContainerImpl::init] Using DLL path: /home/teami/ACS-Workshop/Instrument/lib:../lib:/home/teami/introot/lib:/alma/ACS-2014.2/ACSSW/lib:/alma/ACS-2014.2/DDS/build/linux/lib:/alma/ACS-2014.2/TAO/ACE_wrappers/build/linux/lib:/alma/ACS-2014.2/Python/lib:/alma/ACS-2014.2/Python/omni/lib:/alma/ACS-2014.2/boost/lib:/alma/ACS-2014.2/tcltk/lib:
2014-09-09T19:29:44.628 [toyContainer-GL - maci::ContainerThreadHook::initThread] ContainerThreadHook initiailized
2014-09-09T19:29:44.628 [toyContainer-GL - maci::ContainerThreadHook::initThread] ContainerThreadHook initiailized
2014-09-09T19:29:44.629 [toyContainer-GL - maci::ContainerThreadHook::initThread] ContainerThreadHook initiailized
2014-09-09T19:29:44.629 [toyContainer - maci::ContainerImpl::init] Container 'toyContainer' activated.
2014-09-09T19:29:44.629 [toyContainer-GL - maci::ContainerThreadHook::initThread] ContainerThreadHook initiailized
2014-09-09T19:29:44.629 [toyContainer-GL - maci::ContainerThreadHook::initThread] ContainerThreadHook initiailized
2014-09-09T19:29:44.631 [toyContainer - maci::ContainerImpl::init] Autoloading 'baci'
2014-09-09T19:29:44.633 [maci::LibraryManager - maci::LibraryManager::load] Request to load 'baci'.
2014-09-09T19:29:44.635 [maci::LibraryManager - maci::LibraryManager::load] Full path '/alma/ACS-2014.2/ACSSW/lib/libbaci.so'
2014-09-09T19:29:44.637 [maci::LibraryManager - maci::LibraryManager::load] Loading '/alma/ACS-2014.2/ACSSW/lib/libbaci.so'.
2014-09-09T19:29:44.674 [maci::LibraryManager - maci::LibraryManager::load] Executing DLLOpen
2014-09-09T19:29:44.676 [toyContainer-GL - baci::BACIRecoveryManager::BACIRecoveryManager] Recovery filename: '/home/teami/ACS-Workshop/Instrument/test/tmp/ACS_INSTANCE.0/baci_recovery_toyContainer.'
2014-09-09T19:29:44.677 [toyContainer-GL - recovery::RecoveryStore::load] Unable to open recovery file (r) '/home/teami/ACS-Workshop/Instrument/test/tmp/ACS_INSTANCE.0/baci_recovery_toyContainer'
2014-09-09T19:29:44.678 [maci::LibraryManager - maci::LibraryManager::load] DLLOpen executed.
2014-09-09T19:29:44.679 [maci::LibraryManager - maci::LibraryManager::load] Loaded '/alma/ACS-2014.2/ACSSW/lib/libbaci.so'.
2014-09-09T19:29:44.680 [maci::LibraryManager - maci::LibraryManager::setupCORBAinDLL] Trying to call setup CORBA in '/alma/ACS-2014.2/ACSSW/lib/libbaci.so'
2014-09-09T19:29:44.681 [maci::LibraryManager - maci::LibraryManager::setupCORBAinDLL] Executing DLLSetupCORBA
2014-09-09T19:29:44.682 [maci::LibraryManager - maci::LibraryManager::setupCORBAinDLL] DLLSetupCORBA executed
2014-09-09T19:29:44.684 [maci::LibraryManager - maci::LibraryManager::initThreadsInDLL] Trying to init threads in '/alma/ACS-2014.2/ACSSW/lib/libbaci.so'
2014-09-09T19:29:44.685 [maci::LibraryManager - maci::LibraryManager::initThreadsInDLL] Executing DLLInitThreads
2014-09-09T19:29:44.686 [maci::LibraryManager - maci::LibraryManager::initThreadsInDLL] DLLInitThreads executed
2014-09-09T19:29:44.687 [toyContainer - maci::ContainerImpl::init] Container 'toyContainer' initialized successfuly
2014-09-09T19:29:44.689 [toyContainer - maci::ContainerImpl::init] Connected to the InterfaceRepository.
ContainerStatusMsg: Manager access initialization begins
2014-09-09T19:29:44.691 [toyContainer - maci::ContainerImpl::init] Connecting to the Manager...
2014-09-09T19:29:44.693 [toyContainer-GL - maci::MACIHelper::resolveManager] ManagerReference obtained via command line: 'corbaloc::192.168.0.114:3000/Manager'
2014-09-09T19:29:44.695 [toyContainer-GL - maci::MACIHelper::resolveManager] Resolving reference: 'corbaloc::192.168.0.114:3000/Manager'
2014-09-09T19:29:44.698 [toyContainer-GL - maci::MACIHelper::resolveManager] Manager reference narrowed.
2014-09-09T19:29:44.700 [toyContainer - maci::ContainerImpl::init] Connected to the Manager.
2014-09-09T19:29:44.702 [toyContainer - maci::ContainerImpl::init] Connecting to the Archiving Channel.
2014-09-09T19:29:44.713 [toyContainer - maci::ContainerImpl::init] Connecting to the Centralized Logger...
2014-09-09T19:29:44.725 [toyContainer - maci::ContainerImpl::init] Connected to the Centralized Logger.
2014-09-09T19:29:44.729 [toyContainer - maci::ContainerImpl::init] Set Naming Context to Logger.
2014-09-09T19:29:44.730 [toyContainer - maci::ContainerImpl::init] Logging into the Manager...
2014-09-09T19:29:44.777 [toyContainer - maci::ContainerImpl::init] Logged into the Manager.
ContainerStatusMsg: Manager access initialization ends
ContainerStatusMsg: Startup ends
2014-09-09T19:29:44.777 [toyContainer - ContainerImpl::run] Container running...
2014-09-09T19:29:44.777 [toyContainer-GL - maci::ContainerThreadHook::initThread] ContainerThreadHook initiailized
2014-09-09T19:29:44.778 [toyContainer-GL - maci::ContainerThreadHook::initThread] ContainerThreadHook initiailized
2014-09-09T19:29:44.778 [toyContainer-GL - maci::ContainerThreadHook::initThread] ContainerThreadHook initiailized
2014-09-09T19:29:44.778 [toyContainer-GL - maci::ContainerThreadHook::initThread] ContainerThreadHook initiailized
2014-09-09T19:29:44.779 [toyContainer-GL - maci::ContainerThreadHook::initThread] ContainerThreadHook initiailized
2014-09-09T19:29:44.779 [toyContainer-GL - maci::ContainerThreadHook::initThread] ContainerThreadHook initiailized
ContainerStatusMsg: Automatic component loading begins
2014-09-09T19:29:47.787 [toyContainer - maci::ContainerImpl::taggedmessage] Message from manager received. Type: 20. Tag: 1. Message: Startup statistics: 0 components queued to be activated.
2014-09-09T19:29:47.788 [toyContainer - maci::ContainerImpl::taggedmessage] Message from manager received. Type: 20. Tag: 2. Message: Startup statistics: 0 of 0 components activated.
ContainerStatusMsg: Automatic component loading ends
ContainerStatusMsg: Ready
2014-09-09T19:29:50.792 [Container-ActivationMethod - maci::ActivationMethod::call] Async. activation of component INSTRUMENT with descOut.id_tag = 1 has started.
2014-09-09T19:29:50.795 [maci::LibraryManager - maci::LibraryManager::load] Request to load 'InstrumentImpl'.
2014-09-09T19:29:50.795 [maci::LibraryManager - maci::LibraryManager::load] Full path '/home/teami/ACS-Workshop/Instrument/lib/libInstrumentImpl.so'
2014-09-09T19:29:50.796 [maci::LibraryManager - maci::LibraryManager::load] Loading '/home/teami/ACS-Workshop/Instrument/lib/libInstrumentImpl.so'.
2014-09-09T19:29:50.800 [maci::LibraryManager - maci::LibraryManager::load] Executing DLLOpen
2014-09-09T19:29:50.801 [maci::LibraryManager - maci::LibraryManager::load] DLLOpen executed.
2014-09-09T19:29:50.802 [maci::LibraryManager - maci::LibraryManager::load] Loaded '/home/teami/ACS-Workshop/Instrument/lib/libInstrumentImpl.so'.
2014-09-09T19:29:50.802 [toyContainer-GL - maci::ContainerImpl::activate_component] Successfully loaded component code. logName="LOG_CompAct_Loading_OK" TimeMillis="7" CompName="INSTRUMENT"
2014-09-09T19:29:50.803 [toyContainer-GL - maci::ContainerImpl::activate_component] Successfully instantiated component. logName="LOG_CompAct_Instance_OK" TimeMillis="0" CompName="INSTRUMENT"
2014-09-09T19:29:50.803 [toyContainer-GL - maci::ContainerImpl::activate_component] Successfully activated component with Corba. logName="LOG_CompAct_Corba_OK" TimeMillis="0" CompName="INSTRUMENT"
2014-09-09T19:29:50.803 [toyContainer-GL - ] Switched state of component INSTRUMENT: NEW -> INITIALIZING
2014-09-09T19:29:50.803 [toyContainer-GL - ] Switched state of component INSTRUMENT: INITIALIZING -> INITIALIZED
2014-09-09T19:29:50.803 [toyContainer-GL - ] Switched state of component INSTRUMENT: INITIALIZED -> OPERATIONAL
2014-09-09T19:29:50.804 [INSTRUMENT - ] ContainerServices::getComponent(CAMERA)
2014-09-09T19:29:50.805 [INSTRUMENT - ] Getting component: 'curl:///CAMERA'.
2014-09-09T19:29:50.809 [Container-ActivationMethod - maci::ActivationMethod::call] Async. activation of component CAMERA with descOut.id_tag = 2 has started.
2014-09-09T19:29:50.810 [maci::LibraryManager - maci::LibraryManager::load] Request to load 'CameraImpl'.
2014-09-09T19:29:50.810 [maci::LibraryManager - maci::LibraryManager::load] Full path '/home/teami/ACS-Workshop/Instrument/lib/libCameraImpl.so'
2014-09-09T19:29:50.810 [maci::LibraryManager - maci::LibraryManager::load] Loading '/home/teami/ACS-Workshop/Instrument/lib/libCameraImpl.so'.
2014-09-09T19:29:50.811 [maci::LibraryManager - maci::LibraryManager::load] Executing DLLOpen
2014-09-09T19:29:50.812 [maci::LibraryManager - maci::LibraryManager::load] DLLOpen executed.
2014-09-09T19:29:50.812 [maci::LibraryManager - maci::LibraryManager::load] Loaded '/home/teami/ACS-Workshop/Instrument/lib/libCameraImpl.so'.
2014-09-09T19:29:50.812 [toyContainer-GL - maci::ContainerImpl::activate_component] Successfully loaded component code. logName="LOG_CompAct_Loading_OK" TimeMillis="2" CompName="CAMERA"
2014-09-09T19:29:50.813 [toyContainer-GL - maci::ContainerImpl::activate_component] Successfully instantiated component. logName="LOG_CompAct_Instance_OK" TimeMillis="0" CompName="CAMERA"
2014-09-09T19:29:50.813 [toyContainer-GL - maci::ContainerImpl::activate_component] Successfully activated component with Corba. logName="LOG_CompAct_Corba_OK" TimeMillis="0" CompName="CAMERA"
2014-09-09T19:29:50.813 [toyContainer-GL - ] Switched state of component CAMERA: NEW -> INITIALIZING
2014-09-09T19:29:50.813 [toyContainer-GL - ] Switched state of component CAMERA: INITIALIZING -> INITIALIZED
2014-09-09T19:29:50.814 [toyContainer-GL - ] Switched state of component CAMERA: INITIALIZED -> OPERATIONAL
2014-09-09T19:29:50.814 [toyContainer-GL - maci::ContainerImpl::activate_component] Successfully initialized component. logName="LOG_CompAct_Init_OK" TimeMillis="0" CompName="CAMERA"
2014-09-09T19:29:50.815 [toyContainer - maci::ContainerImpl::activate_component] Component 'CAMERA' activated.
2014-09-09T19:29:50.816 [Container-ActivationMethod - maci::ActivationMethod::call] Calling maci::CBComponentInfo::done with descOut.id_tag = 2.
2014-09-09T19:29:50.829 [Container-ActivationMethod - maci::ActivationMethod::call] Call to maci::CBComponentInfo::done with descOut.id_tag = 2 completed.
2014-09-09T19:29:50.831 [toyContainer-GL - maci::ContainerImpl::activate_component] Successfully initialized component. logName="LOG_CompAct_Init_OK" TimeMillis="28" CompName="INSTRUMENT"
2014-09-09T19:29:50.833 [toyContainer - maci::ContainerImpl::activate_component] Component 'INSTRUMENT' activated.
2014-09-09T19:29:50.834 [Container-ActivationMethod - maci::ActivationMethod::call] Calling maci::CBComponentInfo::done with descOut.id_tag = 1.
2014-09-09T19:29:50.838 [Container-ActivationMethod - maci::ActivationMethod::call] Call to maci::CBComponentInfo::done with descOut.id_tag = 1 completed.
2014-09-09T19:29:50.878 [toyContainer - maci::ContainerImpl::deactivate_component] Deactivating component with handle 16777217 (INSTRUMENT of type IDL:acsws/INSTRUMENT_MODULE/Instrument:1.0)
2014-09-09T19:29:50.878 [toyContainer - maci::ContainerImpl::deactivate_component] Component 'INSTRUMENT': calling cleanUp Lifecycle .
2014-09-09T19:29:50.878 [toyContainer-GL - ] Switched state of component INSTRUMENT: OPERATIONAL -> DESTROYING
2014-09-09T19:29:50.878 [toyContainer - ContainerImpl::deactivate_component - __cleanUp()] StopWatch starts ...
2014-09-09T19:29:50.880 [toyContainer - ContainerImpl::deactivate_component - __cleanUp()] StopWatch stops ... execution elapsed time 0.000000 sec
2014-09-09T19:29:50.880 [toyContainer-GL - ] Switched state of component INSTRUMENT: DESTROYING -> DEFUNCT
2014-09-09T19:29:50.880 [toyContainer - maci::ContainerImpl::deactivate_component] Component 'INSTRUMENT' reference set to nil.
2014-09-09T19:29:50.883 [toyContainer - maci::ContainerImpl::etherealizeComponent] Etherealizing 'INSTRUMENT'
2014-09-09T19:29:50.883 [toyContainer - ContainerImpl::etherealizeComponent - _remove_ref() => destroy servant] StopWatch starts ...
2014-09-09T19:29:50.884 [toyContainer - ContainerImpl::etherealizeComponent - _remove_ref() => destroy servant] StopWatch stops ... execution elapsed time 0.000000 sec
2014-09-09T19:29:50.884 [toyContainer - maci::ContainerImpl::etherealizeComponent] Component 'INSTRUMENT' etherealized.
2014-09-09T19:29:50.884 [maci::LibraryManager - maci::LibraryManager::unload] Unloading '/home/teami/ACS-Workshop/Instrument/lib/libInstrumentImpl.so'
2014-09-09T19:29:50.885 [maci::LibraryManager - maci::LibraryManager::unload] Executing DLLClose
2014-09-09T19:29:50.885 [maci::LibraryManager - maci::LibraryManager::unload] DLLClose executed
2014-09-09T19:29:50.885 [maci::LibraryManager - maci::LibraryManager::unload] Unloaded '/home/teami/ACS-Workshop/Instrument/lib/libInstrumentImpl.so'.
2014-09-09T19:29:50.886 [toyContainer - maci::ContainerImpl::deactivate_component] Component 'INSTRUMENT' deactivated.
2014-09-09T19:29:50.895 [toyContainer - maci::ContainerImpl::deactivate_component] Deactivating component with handle 16777218 (CAMERA of type IDL:acsws/INSTRUMENT_MODULE/Camera:1.0)
2014-09-09T19:29:50.895 [toyContainer - maci::ContainerImpl::deactivate_component] Component 'CAMERA': calling cleanUp Lifecycle .
2014-09-09T19:29:50.895 [toyContainer-GL - ] Switched state of component CAMERA: OPERATIONAL -> DESTROYING
2014-09-09T19:29:50.895 [toyContainer - ContainerImpl::deactivate_component - __cleanUp()] StopWatch starts ...
2014-09-09T19:29:50.896 [toyContainer - ContainerImpl::deactivate_component - __cleanUp()] StopWatch stops ... execution elapsed time 0.000000 sec
2014-09-09T19:29:50.896 [toyContainer-GL - ] Switched state of component CAMERA: DESTROYING -> DEFUNCT
2014-09-09T19:29:50.896 [toyContainer - maci::ContainerImpl::deactivate_component] Component 'CAMERA' reference set to nil.
2014-09-09T19:29:50.897 [toyContainer - maci::ContainerImpl::etherealizeComponent] Etherealizing 'CAMERA'
2014-09-09T19:29:50.897 [toyContainer - ContainerImpl::etherealizeComponent - _remove_ref() => destroy servant] StopWatch starts ...
2014-09-09T19:29:50.897 [toyContainer - ContainerImpl::etherealizeComponent - _remove_ref() => destroy servant] StopWatch stops ... execution elapsed time 0.000000 sec
2014-09-09T19:29:50.898 [toyContainer - maci::ContainerImpl::etherealizeComponent] Component 'CAMERA' etherealized.
2014-09-09T19:29:50.898 [maci::LibraryManager - maci::LibraryManager::unload] Unloading '/home/teami/ACS-Workshop/Instrument/lib/libCameraImpl.so'
2014-09-09T19:29:50.898 [maci::LibraryManager - maci::LibraryManager::unload] Executing DLLClose
2014-09-09T19:29:50.899 [maci::LibraryManager - maci::LibraryManager::unload] DLLClose executed
2014-09-09T19:29:50.899 [maci::LibraryManager - maci::LibraryManager::unload] Unloaded '/home/teami/ACS-Workshop/Instrument/lib/libCameraImpl.so'.
2014-09-09T19:29:50.899 [toyContainer - maci::ContainerImpl::deactivate_component] Component 'CAMERA' deactivated.
2014-09-09T19:29:50.941 [Container-ActivationMethod - maci::ActivationMethod::call] Async. activation of component INSTRUMENT with descOut.id_tag = 3 has started.
2014-09-09T19:29:50.942 [maci::LibraryManager - maci::LibraryManager::load] Request to load 'InstrumentImpl'.
2014-09-09T19:29:50.942 [maci::LibraryManager - maci::LibraryManager::load] Full path '/home/teami/ACS-Workshop/Instrument/lib/libInstrumentImpl.so'
2014-09-09T19:29:50.942 [maci::LibraryManager - maci::LibraryManager::load] Loading '/home/teami/ACS-Workshop/Instrument/lib/libInstrumentImpl.so'.
2014-09-09T19:29:50.946 [maci::LibraryManager - maci::LibraryManager::load] Executing DLLOpen
2014-09-09T19:29:50.946 [maci::LibraryManager - maci::LibraryManager::load] DLLOpen executed.
2014-09-09T19:29:50.947 [maci::LibraryManager - maci::LibraryManager::load] Loaded '/home/teami/ACS-Workshop/Instrument/lib/libInstrumentImpl.so'.
2014-09-09T19:29:50.948 [toyContainer-GL - maci::ContainerImpl::activate_component] Successfully loaded component code. logName="LOG_CompAct_Loading_OK" TimeMillis="6" CompName="INSTRUMENT"
2014-09-09T19:29:50.948 [toyContainer-GL - maci::ContainerImpl::activate_component] Successfully instantiated component. logName="LOG_CompAct_Instance_OK" TimeMillis="0" CompName="INSTRUMENT"
2014-09-09T19:29:50.949 [toyContainer-GL - maci::ContainerImpl::activate_component] Successfully activated component with Corba. logName="LOG_CompAct_Corba_OK" TimeMillis="0" CompName="INSTRUMENT"
2014-09-09T19:29:50.949 [toyContainer-GL - ] Switched state of component INSTRUMENT: NEW -> INITIALIZING
2014-09-09T19:29:50.950 [toyContainer-GL - ] Switched state of component INSTRUMENT: INITIALIZING -> INITIALIZED
2014-09-09T19:29:50.950 [toyContainer-GL - ] Switched state of component INSTRUMENT: INITIALIZED -> OPERATIONAL
2014-09-09T19:29:50.951 [INSTRUMENT - ] ContainerServices::getComponent(CAMERA)
2014-09-09T19:29:50.951 [INSTRUMENT - ] Getting component: 'curl:///CAMERA'.
2014-09-09T19:29:50.954 [Container-ActivationMethod - maci::ActivationMethod::call] Async. activation of component CAMERA with descOut.id_tag = 4 has started.
2014-09-09T19:29:50.955 [maci::LibraryManager - maci::LibraryManager::load] Request to load 'CameraImpl'.
2014-09-09T19:29:50.955 [maci::LibraryManager - maci::LibraryManager::load] Full path '/home/teami/ACS-Workshop/Instrument/lib/libCameraImpl.so'
2014-09-09T19:29:50.955 [maci::LibraryManager - maci::LibraryManager::load] Loading '/home/teami/ACS-Workshop/Instrument/lib/libCameraImpl.so'.
2014-09-09T19:29:50.957 [maci::LibraryManager - maci::LibraryManager::load] Executing DLLOpen
2014-09-09T19:29:50.957 [maci::LibraryManager - maci::LibraryManager::load] DLLOpen executed.
2014-09-09T19:29:50.957 [maci::LibraryManager - maci::LibraryManager::load] Loaded '/home/teami/ACS-Workshop/Instrument/lib/libCameraImpl.so'.
2014-09-09T19:29:50.958 [toyContainer-GL - maci::ContainerImpl::activate_component] Successfully loaded component code. logName="LOG_CompAct_Loading_OK" TimeMillis="3" CompName="CAMERA"
2014-09-09T19:29:50.958 [toyContainer-GL - maci::ContainerImpl::activate_component] Successfully instantiated component. logName="LOG_CompAct_Instance_OK" TimeMillis="0" CompName="CAMERA"
2014-09-09T19:29:50.959 [toyContainer-GL - maci::ContainerImpl::activate_component] Successfully activated component with Corba. logName="LOG_CompAct_Corba_OK" TimeMillis="0" CompName="CAMERA"
2014-09-09T19:29:50.959 [toyContainer-GL - ] Switched state of component CAMERA: NEW -> INITIALIZING
2014-09-09T19:29:50.960 [toyContainer-GL - ] Switched state of component CAMERA: INITIALIZING -> INITIALIZED
2014-09-09T19:29:50.960 [toyContainer-GL - ] Switched state of component CAMERA: INITIALIZED -> OPERATIONAL
2014-09-09T19:29:50.960 [toyContainer-GL - maci::ContainerImpl::activate_component] Successfully initialized component. logName="LOG_CompAct_Init_OK" TimeMillis="1" CompName="CAMERA"
2014-09-09T19:29:50.962 [toyContainer - maci::ContainerImpl::activate_component] Component 'CAMERA' activated.
2014-09-09T19:29:50.962 [Container-ActivationMethod - maci::ActivationMethod::call] Calling maci::CBComponentInfo::done with descOut.id_tag = 4.
2014-09-09T19:29:50.965 [Container-ActivationMethod - maci::ActivationMethod::call] Call to maci::CBComponentInfo::done with descOut.id_tag = 4 completed.
2014-09-09T19:29:50.966 [toyContainer-GL - maci::ContainerImpl::activate_component] Successfully initialized component. logName="LOG_CompAct_Init_OK" TimeMillis="16" CompName="INSTRUMENT"
2014-09-09T19:29:50.968 [toyContainer - maci::ContainerImpl::activate_component] Component 'INSTRUMENT' activated.
2014-09-09T19:29:50.968 [Container-ActivationMethod - maci::ActivationMethod::call] Calling maci::CBComponentInfo::done with descOut.id_tag = 3.
2014-09-09T19:29:50.972 [Container-ActivationMethod - maci::ActivationMethod::call] Call to maci::CBComponentInfo::done with descOut.id_tag = 3 completed.
2014-09-09T19:29:50.978 [toyContainer - maci::ContainerImpl::deactivate_component] Deactivating component with handle 16777219 (INSTRUMENT of type IDL:acsws/INSTRUMENT_MODULE/Instrument:1.0)
2014-09-09T19:29:50.979 [toyContainer - maci::ContainerImpl::deactivate_component] Component 'INSTRUMENT': calling cleanUp Lifecycle .
2014-09-09T19:29:50.979 [toyContainer-GL - ] Switched state of component INSTRUMENT: OPERATIONAL -> DESTROYING
2014-09-09T19:29:50.980 [toyContainer - ContainerImpl::deactivate_component - __cleanUp()] StopWatch starts ...
2014-09-09T19:29:50.986 [toyContainer - ContainerImpl::deactivate_component - __cleanUp()] StopWatch stops ... execution elapsed time 0.000000 sec
2014-09-09T19:29:50.986 [toyContainer-GL - ] Switched state of component INSTRUMENT: DESTROYING -> DEFUNCT
2014-09-09T19:29:50.986 [toyContainer - maci::ContainerImpl::deactivate_component] Component 'INSTRUMENT' reference set to nil.
2014-09-09T19:29:50.987 [toyContainer - maci::ContainerImpl::etherealizeComponent] Etherealizing 'INSTRUMENT'
2014-09-09T19:29:50.987 [toyContainer - ContainerImpl::etherealizeComponent - _remove_ref() => destroy servant] StopWatch starts ...
2014-09-09T19:29:50.987 [toyContainer - ContainerImpl::etherealizeComponent - _remove_ref() => destroy servant] StopWatch stops ... execution elapsed time 0.000000 sec
2014-09-09T19:29:50.988 [toyContainer - maci::ContainerImpl::etherealizeComponent] Component 'INSTRUMENT' etherealized.
2014-09-09T19:29:50.988 [maci::LibraryManager - maci::LibraryManager::unload] Unloading '/home/teami/ACS-Workshop/Instrument/lib/libInstrumentImpl.so'
2014-09-09T19:29:50.988 [maci::LibraryManager - maci::LibraryManager::unload] Executing DLLClose
2014-09-09T19:29:50.988 [maci::LibraryManager - maci::LibraryManager::unload] DLLClose executed
2014-09-09T19:29:50.988 [maci::LibraryManager - maci::LibraryManager::unload] Unloaded '/home/teami/ACS-Workshop/Instrument/lib/libInstrumentImpl.so'.
2014-09-09T19:29:50.989 [toyContainer - maci::ContainerImpl::deactivate_component] Component 'INSTRUMENT' deactivated.
2014-09-09T19:29:50.991 [toyContainer - maci::ContainerImpl::deactivate_component] Deactivating component with handle 16777220 (CAMERA of type IDL:acsws/INSTRUMENT_MODULE/Camera:1.0)
2014-09-09T19:29:50.991 [toyContainer - maci::ContainerImpl::deactivate_component] Component 'CAMERA': calling cleanUp Lifecycle .
2014-09-09T19:29:50.991 [toyContainer-GL - ] Switched state of component CAMERA: OPERATIONAL -> DESTROYING
2014-09-09T19:29:50.991 [toyContainer - ContainerImpl::deactivate_component - __cleanUp()] StopWatch starts ...
2014-09-09T19:29:50.992 [toyContainer - ContainerImpl::deactivate_component - __cleanUp()] StopWatch stops ... execution elapsed time 0.000000 sec
2014-09-09T19:29:50.992 [toyContainer-GL - ] Switched state of component CAMERA: DESTROYING -> DEFUNCT
2014-09-09T19:29:50.992 [toyContainer - maci::ContainerImpl::deactivate_component] Component 'CAMERA' reference set to nil.
2014-09-09T19:29:50.992 [toyContainer - maci::ContainerImpl::etherealizeComponent] Etherealizing 'CAMERA'
2014-09-09T19:29:50.993 [toyContainer - ContainerImpl::etherealizeComponent - _remove_ref() => destroy servant] StopWatch starts ...
2014-09-09T19:29:50.993 [toyContainer - ContainerImpl::etherealizeComponent - _remove_ref() => destroy servant] StopWatch stops ... execution elapsed time 0.000000 sec
2014-09-09T19:29:50.993 [toyContainer - maci::ContainerImpl::etherealizeComponent] Component 'CAMERA' etherealized.
2014-09-09T19:29:50.993 [maci::LibraryManager - maci::LibraryManager::unload] Unloading '/home/teami/ACS-Workshop/Instrument/lib/libCameraImpl.so'
2014-09-09T19:29:50.994 [maci::LibraryManager - maci::LibraryManager::unload] Executing DLLClose
2014-09-09T19:29:50.994 [maci::LibraryManager - maci::LibraryManager::unload] DLLClose executed
2014-09-09T19:29:50.994 [maci::LibraryManager - maci::LibraryManager::unload] Unloaded '/home/teami/ACS-Workshop/Instrument/lib/libCameraImpl.so'.
2014-09-09T19:29:50.994 [toyContainer - maci::ContainerImpl::deactivate_component] Component 'CAMERA' deactivated.
2014-09-09T19:29:52.145 [toyContainer - maci::ContainerImpl::logout] Logging out from the Manager.
2014-09-09T19:29:52.148 [toyContainer - maci::ContainerImpl::logout] Logged out from the Manager.
2014-09-09T19:29:53.151 [toyContainer - maci::ContainerImpl::shutdown] 0 components left unactivated (using reverse activation order).
2014-09-09T19:29:53.153 [toyContainer - maci::ContainerImpl::shutdown] Shutting down ORB
2014-09-09T19:29:53.156 [toyContainer - maci::ContainerImpl::shutdown] Done
2014-09-09T19:29:53.158 [toyContainer - ContainerImpl::run] Container stopping...
2014-09-09T19:29:53.160 [toyContainer - ContainerImpl::run] Leaving ContainerImpl::run() method.
2014-09-09T19:29:53.162 [toyContainer-GL - ] Stopping container... 
2014-09-09T19:29:53.164 [maci::LibraryManager - maci::LibraryManager::unload] Request to unload 'libbaci.so'.
/alma/ACS-2014.2/ACSSW/lib/libbaci.so
2014-09-09T19:29:53.166 [maci::LibraryManager - maci::LibraryManager::unload] Unloading '/alma/ACS-2014.2/ACSSW/lib/libbaci.so'
2014-09-09T19:29:53.168 [maci::LibraryManager - maci::LibraryManager::unload] Executing DLLClose
2014-09-09T19:29:53.170 [maci::LibraryManager - maci::LibraryManager::unload] DLLClose executed
2014-09-09T19:29:53.172 [maci::LibraryManager - maci::LibraryManager::unload] Unloaded '/alma/ACS-2014.2/ACSSW/lib/libbaci.so'.
2014-09-09T19:29:53.173 [toyContainer-GL - ] Container stopped.
2014-09-09T19:29:53.183 INFO [acsStartContainer] Container: 'toyContainer' exited with code: 0.
