2014-09-09T19:29:38.385 [GlobalLogger - ] Logging proxy successfully created !
2014-09-09T19:29:38.385 Local file logger: Cache saved to '/home/teami/ACS-Workshop/Instrument/test/tmp/ACS_INSTANCE.0/acs_local_log__13881'.
2014-09-09T19:29:38.386 [GlobalLogger - ] New command line is: -silent -ORBEndpoint iiop://192.168.0.114:3011 -ORBInitRef NameService=corbaloc::192.168.0.114:3001/NameService -ORBDottedDecimalAddresses 1 
Initialising ORB ... 
ORB initialsed !
2014-09-09T19:29:38.389 [GlobalLogger - ] Trying to connect to the Naming Service ....
2014-09-09T19:29:38.391 [GlobalLogger - ] Connected to the Name Service
Resolving Logging Service from Naming service ...
Logging Service resolved !
Creating POA ... 
policies are created !
POA created !
Policies are destroyed !
2014-09-09T19:29:38.394 [GlobalLogger - ] ACSLogSvc service registered with Naming Services
2014-09-09T19:29:38.394 [GlobalLogger - ] ACSLogSvc is waiting for incoming log messages ...
