 --endorsed -- alma.acs.alarmsystem.corbaservice.AlarmSystemCorbaServer -jacorb -OAIAddr 192.168.0.114 -OAport 3013
2014-09-09T19:29:39.766 INFO [acsStartJava] Starting Java application: alma.acs.alarmsystem.corbaservice.AlarmSystemCorbaServer -jacorb -OAIAddr 192.168.0.114 -OAport 3013
2014-09-09T19:29:39.783 INFO [acsStartJava] Using endorsed jar files in: -Djava.endorsed.dirs=../lib/endorsed:/home/teami/introot/lib/endorsed:/alma/ACS-2014.2/ACSSW/lib/endorsed:/alma/ACS-2014.2/JacORB/lib/endorsed:
2014-09-09T19:29:39.872 DEBUG [acsStartJava] exported CLASSPATH
2014-09-09T19:29:39.881 DEBUG [acsStartJava] exported MANAGER_REFERENCE=corbaloc::192.168.0.114:3000/Manager
2014-09-09T19:29:39.889 DEBUG [acsStartJava] ACS Manager: corbaloc::192.168.0.114:3000/Manager
2014-09-09T19:29:39.900 DEBUG [acsStartJava] exported MANAGER_COMPUTER_NAME=192.168.0.114
2014-09-09T19:29:39.908 DEBUG [acsStartJava] exported ACS_NAME_SERVICE=corbaloc::192.168.0.114:3001/NameService
2014-09-09T19:29:39.916 DEBUG [acsStartJava] ACS Name Service: corbaloc::192.168.0.114:3001/NameService
2014-09-09T19:29:40.027 DEBUG [acsStartJava] exported ACS_INTERFACE_REPOSITORY=IOR:010000003600000049444c3a6f6d672e6f72672f434f5242412f436f6d706f6e656e7449522f436f6d706f6e656e745265706f7369746f72793a312e30000000010000000000000074000000010102000e0000003139322e3136382e302e31313400bc0b2300000014010f004e5550000000180000000001000000526f6f74504f41007265706f504f41000002000000000000000800000001000000004f41540100000018000000010000000100010001000000010001050901010000000000
2014-09-09T19:29:40.034 DEBUG [acsStartJava] ACS Interface Repository: IOR:010000003600000049444c3a6f6d672e6f72672f434f5242412f436f6d706f6e656e7449522f436f6d706f6e656e745265706f7369746f72793a312e30000000010000000000000074000000010102000e0000003139322e3136382e302e31313400bc0b2300000014010f004e5550000000180000000001000000526f6f74504f41007265706f504f41000002000000000000000800000001000000004f41540100000018000000010000000100010001000000010001050901010000000000
2014-09-09T19:29:40.059 DEBUG [acsStartJava] Running the following command:
2014-09-09T19:29:40.068 DEBUG [acsStartJava] java -classpath "/alma/ACS-2014.2/ACSSW/lib/jACSUtil.jar::/alma/ACS-2014.2/JacORB/lib/jacorb.jar:/alma/ACS-2014.2/JacORB/lib/jacorb-services.jar:/alma/ACS-2014.2/JacORB/lib/idl.jar:/alma/ACS-2014.2/ant/lib/ant.jar:/alma/ACS-2014.2/acsdata/config" "-Djava.endorsed.dirs=../lib/endorsed:/home/teami/introot/lib/endorsed:/alma/ACS-2014.2/ACSSW/lib/endorsed:/alma/ACS-2014.2/JacORB/lib/endorsed:" -Dorg.apache.xerces.xni.parser.XMLParserConfiguration=org.apache.xerces.parsers.XIncludeParserConfiguration -Dorg.omg.CORBA.ORBClass=org.jacorb.orb.ORB -Dorg.omg.CORBA.ORBSingletonClass=org.jacorb.orb.ORBSingleton -Duser.timezone=UTC -DACS.manager=corbaloc::192.168.0.114:3000/Manager -DORBInitRef.NameService=corbaloc::192.168.0.114:3001/NameService  -DACS.repository=IOR:010000003600000049444c3a6f6d672e6f72672f434f5242412f436f6d706f6e656e7449522f436f6d706f6e656e745265706f7369746f72793a312e30000000010000000000000074000000010102000e0000003139322e3136382e302e31313400bc0b2300000014010f004e5550000000180000000001000000526f6f74504f41007265706f504f41000002000000000000000800000001000000004f41540100000018000000010000000100010001000000010001050901010000000000 -DACS.tmp=/home/teami/ACS-Workshop/Instrument/test/tmp -DACS.baseport=0 -DACS.data=/alma/ACS-2014.2/acsdata -DACS.logstdout=2 -DACS.log.minlevel.remote=4 -DACS.loggingBin=false  -Djava.system.class.loader=alma.acs.classloading.AcsSystemClassLoader    -Dacs.system.classpath.jardirs="../lib:/home/teami/introot/lib:/alma/ACS-2014.2/ACSSW/lib"    -Dacs.system.path="..:/home/teami/introot:/alma/ACS-2014.2/ACSSW" -Djava.util.logging.manager=alma.acs.logging.AcsLogManager -Dalma.acs.logging.useAcsLogServiceExtensions=1 -Dorg.apache.commons.logging.LogFactory=alma.acs.logging.adapters.CommonsLoggingFactory -server -XX:+UseConcMarkSweepGC -XX:+CMSIncrementalMode -XX:+CMSParallelRemarkEnabled -XX:+HeapDumpOnOutOfMemoryError -XX:HeapDumpPath=/alma/ACS-2014.2/acsdata/dumps/instrument/ACS_INSTANCE.0 -XX:ErrorFile=/alma/ACS-2014.2/acsdata/dumps/instrument/ACS_INSTANCE.0/jvm_fatal_error%p.log -showversion  alma.acs.alarmsystem.corbaservice.AlarmSystemCorbaServer -jacorb -OAIAddr 192.168.0.114 -OAport 3013
java version "1.7.0_65"
Java(TM) SE Runtime Environment (build 1.7.0_65-b17)
Java HotSpot(TM) Server VM (build 24.65-b04, mixed mode)

2014-09-09T19:29:40.386 DELOUSE [alma.acs.logging.config.LogConfig] Logging configuration has been initialized, but not from CDB settings.
2014-09-09T19:29:40.403 FINER [alma.acs.logging] Changed processName='null' to 'AlarmService' and updated logger names.
2014-09-09T19:29:40.505 INFO [AlarmService] ACS alarm service will use JacORB ORB
2014-09-09T19:29:40.552 INFO [alma.acs.logging] Logger jacorb@AlarmService created with custom log levels local=Info, remote=Info to avoid log jams due to careless default log level settings.
2014-09-09T19:29:40.914 INFO [AlarmService] Starting the ACS implementation of the alarm service
2014-09-09T19:29:40.916 DEBUG [AlarmService] Registering into the naming service with name AcsAlarmService
The alarm service is ready and waiting
2014-09-09T19:29:57.792 INFO [AlarmService] ORB status: connectionThreadsUsed=0%, lost calls=0, requestQueueMaxUsePercent=1% (in POA 'null').
2014-09-09T19:29:57.799 DEBUG [AlarmService] Shutting down
2014-09-09T19:29:57.800 DEBUG [AlarmService] Unregistering AcsAlarmService from the naming service
2014-09-09T19:29:57.802 DEBUG [AlarmService] Shutting down the alarm service
2014-09-09T19:29:57.803 DEBUG [AlarmService] Shutting down ORB
2014-09-09T19:29:57.806 DEBUG [AlarmService] ORB thread terminated
2014-09-09T19:29:57.807 DEBUG [AlarmService] ORB shut down
