2014-09-09T19:29:31.785 DEBUG [Searching for schema files in: /home/teami/ACS-Workshop/Instrument/test/../config/CDB/schemas:/home/teami/ACS-Workshop/Instrument/test/CDB/schemas:/home/teami/introot/config/CDB/schemas:/alma/ACS-2014.2/ACSSW/config/CDB/schemas] 
 --endorsed --maxHeapSize 512m -D jacorb.poa.thread_pool_max=200 -D jacorb.connection.client.pending_reply_timeout=30000 -D ACS.cdbpath=/home/teami/ACS-Workshop/Instrument/test/../config/CDB/schemas:/home/teami/ACS-Workshop/Instrument/test/CDB/schemas:/home/teami/introot/config/CDB/schemas:/alma/ACS-2014.2/ACSSW/config/CDB/schemas -- com.cosylab.cdb.jdal.Server -jacorb -root /home/teami/ACS-Workshop/Instrument/test -OAIAddr 192.168.0.114 -OAport 3012 -n
2014-09-09T19:29:31.847 INFO [acsStartJava] Starting Java application: com.cosylab.cdb.jdal.Server -jacorb -root /home/teami/ACS-Workshop/Instrument/test -OAIAddr 192.168.0.114 -OAport 3012 -n
2014-09-09T19:29:31.856 INFO [acsStartJava] Using endorsed jar files in: -Djava.endorsed.dirs=../lib/endorsed:/home/teami/introot/lib/endorsed:/alma/ACS-2014.2/ACSSW/lib/endorsed:/alma/ACS-2014.2/JacORB/lib/endorsed:
2014-09-09T19:29:31.928 DEBUG [acsStartJava] exported CLASSPATH
2014-09-09T19:29:31.932 DEBUG [acsStartJava] exported MANAGER_REFERENCE=corbaloc::192.168.0.114:3000/Manager
2014-09-09T19:29:31.937 DEBUG [acsStartJava] ACS Manager: corbaloc::192.168.0.114:3000/Manager
2014-09-09T19:29:31.955 DEBUG [acsStartJava] exported MANAGER_COMPUTER_NAME=192.168.0.114
2014-09-09T19:29:31.972 DEBUG [acsStartJava] exported ACS_NAME_SERVICE=corbaloc::192.168.0.114:3001/NameService
2014-09-09T19:29:31.975 DEBUG [acsStartJava] ACS Name Service: corbaloc::192.168.0.114:3001/NameService
2014-09-09T19:29:32.083 DEBUG [acsStartJava] exported ACS_INTERFACE_REPOSITORY=IOR:010000003600000049444c3a6f6d672e6f72672f434f5242412f436f6d706f6e656e7449522f436f6d706f6e656e745265706f7369746f72793a312e30000000010000000000000074000000010102000e0000003139322e3136382e302e31313400bc0b2300000014010f004e5550000000180000000001000000526f6f74504f41007265706f504f41000002000000000000000800000001000000004f41540100000018000000010000000100010001000000010001050901010000000000
2014-09-09T19:29:32.094 DEBUG [acsStartJava] ACS Interface Repository: IOR:010000003600000049444c3a6f6d672e6f72672f434f5242412f436f6d706f6e656e7449522f436f6d706f6e656e745265706f7369746f72793a312e30000000010000000000000074000000010102000e0000003139322e3136382e302e31313400bc0b2300000014010f004e5550000000180000000001000000526f6f74504f41007265706f504f41000002000000000000000800000001000000004f41540100000018000000010000000100010001000000010001050901010000000000
2014-09-09T19:29:32.121 DEBUG [acsStartJava] Running the following command:
2014-09-09T19:29:32.131 DEBUG [acsStartJava] java -classpath "/alma/ACS-2014.2/ACSSW/lib/jACSUtil.jar::/alma/ACS-2014.2/JacORB/lib/jacorb.jar:/alma/ACS-2014.2/JacORB/lib/jacorb-services.jar:/alma/ACS-2014.2/JacORB/lib/idl.jar:/alma/ACS-2014.2/ant/lib/ant.jar:/alma/ACS-2014.2/acsdata/config" "-Djava.endorsed.dirs=../lib/endorsed:/home/teami/introot/lib/endorsed:/alma/ACS-2014.2/ACSSW/lib/endorsed:/alma/ACS-2014.2/JacORB/lib/endorsed:" -Dorg.apache.xerces.xni.parser.XMLParserConfiguration=org.apache.xerces.parsers.XIncludeParserConfiguration -Dorg.omg.CORBA.ORBClass=org.jacorb.orb.ORB -Dorg.omg.CORBA.ORBSingletonClass=org.jacorb.orb.ORBSingleton -Duser.timezone=UTC -DACS.manager=corbaloc::192.168.0.114:3000/Manager -DORBInitRef.NameService=corbaloc::192.168.0.114:3001/NameService  -DACS.repository=IOR:010000003600000049444c3a6f6d672e6f72672f434f5242412f436f6d706f6e656e7449522f436f6d706f6e656e745265706f7369746f72793a312e30000000010000000000000074000000010102000e0000003139322e3136382e302e31313400bc0b2300000014010f004e5550000000180000000001000000526f6f74504f41007265706f504f41000002000000000000000800000001000000004f41540100000018000000010000000100010001000000010001050901010000000000 -DACS.tmp=/home/teami/ACS-Workshop/Instrument/test/tmp -DACS.baseport=0 -DACS.data=/alma/ACS-2014.2/acsdata -DACS.logstdout=2 -DACS.log.minlevel.remote=4 -DACS.loggingBin=false   -D'jacorb.poa.thread_pool_max=200' -D'jacorb.connection.client.pending_reply_timeout=30000' -D'ACS.cdbpath=/home/teami/ACS-Workshop/Instrument/test/../config/CDB/schemas:/home/teami/ACS-Workshop/Instrument/test/CDB/schemas:/home/teami/introot/config/CDB/schemas:/alma/ACS-2014.2/ACSSW/config/CDB/schemas' -Djava.system.class.loader=alma.acs.classloading.AcsSystemClassLoader    -Dacs.system.classpath.jardirs="../lib:/home/teami/introot/lib:/alma/ACS-2014.2/ACSSW/lib"    -Dacs.system.path="..:/home/teami/introot:/alma/ACS-2014.2/ACSSW" -Djava.util.logging.manager=alma.acs.logging.AcsLogManager -Dalma.acs.logging.useAcsLogServiceExtensions=1 -Dorg.apache.commons.logging.LogFactory=alma.acs.logging.adapters.CommonsLoggingFactory -server -XX:+UseConcMarkSweepGC -XX:+CMSIncrementalMode -XX:+CMSParallelRemarkEnabled -Xmx512m -Xloggc:/home/teami/ACS-Workshop/Instrument/test/tmp/ACS_INSTANCE.0/cdbjDAL.gclog -XX:+PrintGCDetails -XX:+PrintGCTimeStamps -XX:+PrintGCApplicationConcurrentTime -XX:+PrintGCApplicationStoppedTime -XX:+PrintTenuringDistribution -XX:+PrintHeapAtGC -XX:+HeapDumpOnOutOfMemoryError -XX:HeapDumpPath=/alma/ACS-2014.2/acsdata/dumps/instrument/ACS_INSTANCE.0 -XX:ErrorFile=/alma/ACS-2014.2/acsdata/dumps/instrument/ACS_INSTANCE.0/jvm_fatal_error%p.log -showversion  com.cosylab.cdb.jdal.Server -jacorb -root /home/teami/ACS-Workshop/Instrument/test -OAIAddr 192.168.0.114 -OAport 3012 -n
java version "1.7.0_65"
Java(TM) SE Runtime Environment (build 1.7.0_65-b17)
Java HotSpot(TM) Server VM (build 24.65-b04, mixed mode)

2014-09-09T19:29:32.465 DELOUSE [alma.acs.logging.config.LogConfig] Logging configuration has been initialized, but not from CDB settings.
2014-09-09T19:29:32.484 FINER [alma.acs.logging] Changed processName='null' to 'CDB' and updated logger names.
2014-09-09T19:29:32.535 DELOUSE [CDB] DALfs will use JacORB ORB
2014-09-09T19:29:32.597 INFO [alma.acs.logging] Logger jacorb@CDB created with custom log levels local=Info, remote=Info to avoid log jams due to careless default log level settings.
2014-09-09T19:29:32.763 INFO [CDB] DALImpl will use XSD caching for xerces sax parser ? false
2014-09-09T19:29:32.765 INFO [CDB] DAL root is: /home/teami/ACS-Workshop/Instrument/test/CDB/
2014-09-09T19:29:32.787 DEBUG [CDB] - found 0 xsd-files in -root=/home/teami/ACS-Workshop/Instrument/test/CDB/
2014-09-09T19:29:32.788 DEBUG [CDB] - found 40 additional xsd-files in ACS.cdbpath=/home/teami/ACS-Workshop/Instrument/test/../config/CDB/schemas:/home/teami/ACS-Workshop/Instrument/test/CDB/schemas:/home/teami/introot/config/CDB/schemas:/alma/ACS-2014.2/ACSSW/config/CDB/schemas
2014-09-09T19:29:32.788 DELOUSE [CDB] created parser org.apache.xerces.jaxp.SAXParserImpl with schema location: 'urn:schemas-cosylab-com:SimulatedComponent:1.0 /alma/ACS-2014.2/ACSSW/config/CDB/schemas/SimulatedComponent.xsd urn:schemas-cosylab-com:BulkDataNTReceiver:1.0 /alma/ACS-2014.2/ACSSW/config/CDB/schemas/BulkDataNTReceiver.xsd urn:schemas-cosylab-com:CDB:1.0 /alma/ACS-2014.2/ACSSW/config/CDB/schemas/CDB.xsd urn:schemas-cosylab-com:xml:1.0 /alma/ACS-2014.2/ACSSW/config/CDB/schemas/xml.xsd urn:schemas-cosylab-com:PowerSupply:1.0 /alma/ACS-2014.2/ACSSW/config/CDB/schemas/PowerSupply.xsd urn:schemas-cosylab-com:Tower:1.0 /alma/ACS-2014.2/ACSSW/config/CDB/schemas/Tower.xsd urn:schemas-cosylab-com:acsalarm-categories:1.0 /alma/ACS-2014.2/ACSSW/config/CDB/schemas/acsalarm-categories.xsd urn:schemas-cosylab-com:BulkDataDistributer:1.0 /alma/ACS-2014.2/ACSSW/config/CDB/schemas/BulkDataDistributer.xsd urn:schemas-cosylab-com:Building:1.0 /alma/ACS-2014.2/ACSSW/config/CDB/schemas/Building.xsd urn:schemas-cosylab-com:Components:1.0 /alma/ACS-2014.2/ACSSW/config/CDB/schemas/Components.xsd urn:schemas-cosylab-com:Channels:1.0 /alma/ACS-2014.2/ACSSW/config/CDB/schemas/Channels.xsd urn:schemas-cosylab-com:ControlDevice:1.0 /alma/ACS-2014.2/ACSSW/config/CDB/schemas/ControlDevice.xsd urn:schemas-cosylab-com:RampedPowerSupply:1.0 /alma/ACS-2014.2/ACSSW/config/CDB/schemas/RampedPowerSupply.xsd urn:schemas-cosylab-com:XMLSchema:1.0 /alma/ACS-2014.2/ACSSW/config/CDB/schemas/XMLSchema.xsd urn:schemas-cosylab-com:Manager:1.0 /alma/ACS-2014.2/ACSSW/config/CDB/schemas/Manager.xsd urn:schemas-cosylab-com:LAMP:1.0 /alma/ACS-2014.2/ACSSW/config/CDB/schemas/LAMP.xsd urn:schemas-cosylab-com:EventChannel:1.0 /alma/ACS-2014.2/ACSSW/config/CDB/schemas/EventChannel.xsd urn:schemas-cosylab-com:HierarchicalComponent:1.0 /alma/ACS-2014.2/ACSSW/config/CDB/schemas/HierarchicalComponent.xsd urn:schemas-cosylab-com:BACI:1.0 /alma/ACS-2014.2/ACSSW/config/CDB/schemas/BACI.xsd urn:schemas-cosylab-com:AmsSeq:1.0 /alma/ACS-2014.2/ACSSW/config/CDB/schemas/AmsSeq.xsd urn:schemas-cosylab-com:Calendar:1.0 /alma/ACS-2014.2/ACSSW/config/CDB/schemas/Calendar.xsd urn:schemas-cosylab-com:FILTERWHEEL:1.0 /alma/ACS-2014.2/ACSSW/config/CDB/schemas/FILTERWHEEL.xsd urn:schemas-cosylab-com:CLOCK:1.0 /alma/ACS-2014.2/ACSSW/config/CDB/schemas/CLOCK.xsd urn:schemas-cosylab-com:acsalarm-alarmservice:1.0 /alma/ACS-2014.2/ACSSW/config/CDB/schemas/acsalarm-alarmservice.xsd urn:schemas-cosylab-com:BulkDataNTSender:1.0 /alma/ACS-2014.2/ACSSW/config/CDB/schemas/BulkDataNTSender.xsd urn:schemas-cosylab-com:LoggingConfig:1.0 /alma/ACS-2014.2/ACSSW/config/CDB/schemas/LoggingConfig.xsd urn:schemas-cosylab-com:Component:1.0 /alma/ACS-2014.2/ACSSW/config/CDB/schemas/Component.xsd urn:schemas-cosylab-com:Container:1.0 /alma/ACS-2014.2/ACSSW/config/CDB/schemas/Container.xsd urn:schemas-cosylab-com:ErrorExplorer:1.0 /alma/ACS-2014.2/ACSSW/config/CDB/schemas/ErrorExplorer.xsd urn:schemas-cosylab-com:acs_rti_dds_qos_profiles:1.0 /alma/ACS-2014.2/ACSSW/config/CDB/schemas/acs_rti_dds_qos_profiles.xsd urn:schemas-cosylab-com:MOUNT:1.0 /alma/ACS-2014.2/ACSSW/config/CDB/schemas/MOUNT.xsd urn:schemas-cosylab-com:BulkDataReceiver:1.0 /alma/ACS-2014.2/ACSSW/config/CDB/schemas/BulkDataReceiver.xsd urn:schemas-cosylab-com:SAMP:1.0 /alma/ACS-2014.2/ACSSW/config/CDB/schemas/SAMP.xsd urn:schemas-cosylab-com:acsalarm-fault-family:1.0 /alma/ACS-2014.2/ACSSW/config/CDB/schemas/acsalarm-fault-family.xsd urn:schemas-cosylab-com:AcsAlarmSystem:1.0 /alma/ACS-2014.2/ACSSW/config/CDB/schemas/AcsAlarmSystem.xsd urn:schemas-cosylab-com:Door:1.0 /alma/ACS-2014.2/ACSSW/config/CDB/schemas/Door.xsd urn:schemas-cosylab-com:MasterComponent:1.0 /alma/ACS-2014.2/ACSSW/config/CDB/schemas/MasterComponent.xsd urn:schemas-cosylab-com:BulkDataSender:1.0 /alma/ACS-2014.2/ACSSW/config/CDB/schemas/BulkDataSender.xsd urn:schemas-cosylab-com:Fridge:1.0 /alma/ACS-2014.2/ACSSW/config/CDB/schemas/Fridge.xsd urn:schemas-cosylab-com:LAMPWHEEL:1.0 /alma/ACS-2014.2/ACSSW/config/CDB/schemas/LAMPWHEEL.xsd '
2014-09-09T19:29:32.833 DELOUSE [CDB] Memory status: 99.3% free.
2014-09-09T19:29:32.952 INFO [CDB] JDAL is listening on 192.168.0.114:3012/CDB
2014-09-09T19:29:32.952 INFO [CDB] JDAL is ready and waiting ...
JDAL is ready and waiting ...
2014-09-09T19:29:32.953 DEBUG [CDB] Starting pre-filling cache...
2014-09-09T19:29:32.955 DEBUG [CDB] loadRecords(curl=MACI/Managers/Manager), strFileCurl=MACI/Managers/Manager, strNodeCurl=
2014-09-09T19:29:32.955 DEBUG [CDB] loadRecords(curl=MACI/Managers/Manager); curlNode 'Manager' is simple.
2014-09-09T19:29:32.956 DEBUG [CDB] Parsing xmlFile=/home/teami/ACS-Workshop/Instrument/test/CDB/MACI/Managers/Manager/Manager.xml
2014-09-09T19:29:33.072 DEBUG [CDB] Returning XML record for: MACI/Managers/Manager
2014-09-09T19:29:33.123 DELOUSE [CDB] Memory status: 99.6% free.
2014-09-09T19:29:33.124 DEBUG [CDB] XML record 'MACI/Managers/Manager' put to cache.
2014-09-09T19:29:33.124 DEBUG [CDB] loadRecords(curl=MACI/Components), strFileCurl=MACI/Components, strNodeCurl=
2014-09-09T19:29:33.125 DEBUG [CDB] loadRecords(curl=MACI/Components); curlNode 'Components' is simple.
2014-09-09T19:29:33.125 DEBUG [CDB] Parsing xmlFile=/home/teami/ACS-Workshop/Instrument/test/CDB/MACI/Components/Components.xml
2014-09-09T19:29:33.152 DEBUG [CDB] Returning XML record for: MACI/Components
2014-09-09T19:29:33.208 DELOUSE [CDB] Memory status: 99.6% free.
2014-09-09T19:29:33.208 DEBUG [CDB] XML record 'MACI/Components' put to cache.
2014-09-09T19:29:33.208 DEBUG [CDB] loadRecords(curl=MACI/Containers/toyContainer), strFileCurl=MACI/Containers/toyContainer, strNodeCurl=
2014-09-09T19:29:33.209 DEBUG [CDB] loadRecords(curl=MACI/Containers/toyContainer); curlNode 'toyContainer' is simple.
2014-09-09T19:29:33.209 DEBUG [CDB] Parsing xmlFile=/home/teami/ACS-Workshop/Instrument/test/CDB/MACI/Containers/toyContainer/toyContainer.xml
2014-09-09T19:29:33.244 DEBUG [CDB] Returning XML record for: MACI/Containers/toyContainer
2014-09-09T19:29:33.302 DELOUSE [CDB] Memory status: 99.6% free.
2014-09-09T19:29:33.302 DEBUG [CDB] XML record 'MACI/Containers/toyContainer' put to cache.
2014-09-09T19:29:33.302 DEBUG [CDB] Cache filling fully completed.
2014-09-09T19:29:40.838 DEBUG [CDB] loadRecords(curl=Alarms/Administrative/AlarmSystemConfiguration), strFileCurl=null, strNodeCurl=Administrative/AlarmSystemConfiguration/
2014-09-09T19:29:40.902 DELOUSE [CDB] Memory status: 99.6% free.
2014-09-09T19:29:40.903 DEBUG [CDB] Exception for record 'Alarms/Administrative/AlarmSystemConfiguration' put to cache.
2014-09-09T19:29:40.904 NOTICE [CDB] Curl 'Alarms/Administrative/AlarmSystemConfiguration' does not exist.
2014-09-09T19:29:43.377 DEBUG [CDB] XML record 'MACI/Managers/Manager' retrieved from cache.
2014-09-09T19:29:43.724 DEBUG [CDB] XML record 'MACI/Managers/Manager' retrieved from cache.
2014-09-09T19:29:43.757 INFO [CDB] Recovery file: /home/teami/ACS-Workshop/Instrument/test/tmp/ACS_INSTANCE.0/CDB_Recovery.txt
2014-09-09T19:29:43.767 DEBUG [CDB] XML record 'MACI/Components' retrieved from cache.
2014-09-09T19:29:43.886 DEBUG [CDB] loadRecords(curl=MACI/Containers), strFileCurl=MACI/Containers, strNodeCurl=
2014-09-09T19:29:43.886 DEBUG [CDB] loadRecords(curl=MACI/Containers), curlNode is Complex
2014-09-09T19:29:43.899 DEBUG [CDB] Returning XML record for: MACI/Containers
2014-09-09T19:29:43.965 DELOUSE [CDB] Memory status: 99.5% free.
2014-09-09T19:29:43.965 DEBUG [CDB] XML record 'MACI/Containers' put to cache.
2014-09-09T19:29:44.583 DEBUG [CDB] XML record 'MACI/Containers/toyContainer' retrieved from cache.
2014-09-09T19:29:44.603 DEBUG [CDB] XML record 'MACI/Containers/toyContainer' retrieved from cache.
2014-09-09T19:29:44.620 DEBUG [CDB] CDBRecordDoesNotExist exception for record 'Alarms/Administrative/AlarmSystemConfiguration' retrieved from cache.
2014-09-09T19:29:47.899 DELOUSE [CDB] Memory status: 99.5% free.
2014-09-09T19:30:00.008 INFO [CDB] JDAL exiting ORB loop ...
